Archive member included because of file (symbol)

c:/winavr-20100110/bin/../lib/gcc/avr/4.3.3/avr51\libgcc.a(_exit.o)
                              c:/winavr-20100110/bin/../lib/gcc/avr/4.3.3/../../../../avr/lib/avr51/crtm1284p.o (exit)
c:/winavr-20100110/bin/../lib/gcc/avr/4.3.3/avr51\libgcc.a(_clear_bss.o)
                              ram.o (__do_clear_bss)

Allocating common symbols
Common symbol       size              file

nRxBufEnd           0x1               uart.o
nRxBufStart         0x1               uart.o
GRMBASE             0x1               main.o
TXBuffer            0x100             uart.o
nTimerValue         0x1               timer.o
ByteBuffer          0x1               flash.o
CacheBaudLSB        0x1               uart.o
nTxBufStart         0x1               uart.o
HandlerPage         0x1               main.o
BufErrBits          0x1               uart.o
nTxBufEnd           0x1               uart.o
nError              0x1               flash.o
RAMBuffer           0x3c00            ram.o
GRMADD              0x2               main.o
RXBuffer            0x100             uart.o

Memory Configuration

Name             Origin             Length             Attributes
text             0x00000000         0x00020000         xr
data             0x00800060         0x0000ffa0         rw !x
eeprom           0x00810000         0x00010000         rw !x
fuse             0x00820000         0x00000400         rw !x
lock             0x00830000         0x00000400         rw !x
signature        0x00840000         0x00000400         rw !x
*default*        0x00000000         0xffffffff

Linker script and memory map

Address of section .data set to 0x800100
LOAD c:/winavr-20100110/bin/../lib/gcc/avr/4.3.3/../../../../avr/lib/avr51/crtm1284p.o
Address of section .text set to 0x1e000
Address of section .defaultdata set to 0x2000
LOAD ram.o
LOAD eeprom.o
LOAD adc.o
LOAD flash.o
LOAD timer.o
LOAD uart.o
LOAD main.o
LOAD gpio.o
LOAD grom.o
LOAD grmtstinc.o
LOAD boothack.o
LOAD combinedg.o
LOAD c:/winavr-20100110/bin/../lib/gcc/avr/4.3.3/avr51\libgcc.a
LOAD c:/winavr-20100110/bin/../lib/gcc/avr/4.3.3/../../../../avr/lib/avr51\libc.a
LOAD c:/winavr-20100110/bin/../lib/gcc/avr/4.3.3/avr51\libgcc.a

.hash
 *(.hash)

.dynsym
 *(.dynsym)

.dynstr
 *(.dynstr)

.gnu.version
 *(.gnu.version)

.gnu.version_d
 *(.gnu.version_d)

.gnu.version_r
 *(.gnu.version_r)

.rel.init
 *(.rel.init)

.rela.init
 *(.rela.init)

.rel.text
 *(.rel.text)
 *(.rel.text.*)
 *(.rel.gnu.linkonce.t*)

.rela.text
 *(.rela.text)
 *(.rela.text.*)
 *(.rela.gnu.linkonce.t*)

.rel.fini
 *(.rel.fini)

.rela.fini
 *(.rela.fini)

.rel.rodata
 *(.rel.rodata)
 *(.rel.rodata.*)
 *(.rel.gnu.linkonce.r*)

.rela.rodata
 *(.rela.rodata)
 *(.rela.rodata.*)
 *(.rela.gnu.linkonce.r*)

.rel.data
 *(.rel.data)
 *(.rel.data.*)
 *(.rel.gnu.linkonce.d*)

.rela.data
 *(.rela.data)
 *(.rela.data.*)
 *(.rela.gnu.linkonce.d*)

.rel.ctors
 *(.rel.ctors)

.rela.ctors
 *(.rela.ctors)

.rel.dtors
 *(.rel.dtors)

.rela.dtors
 *(.rela.dtors)

.rel.got
 *(.rel.got)

.rela.got
 *(.rela.got)

.rel.bss
 *(.rel.bss)

.rela.bss
 *(.rela.bss)

.rel.plt
 *(.rel.plt)

.rela.plt
 *(.rela.plt)

.text           0x0001e000     0x1f94
 *(.vectors)
 .vectors       0x0001e000       0x8c c:/winavr-20100110/bin/../lib/gcc/avr/4.3.3/../../../../avr/lib/avr51/crtm1284p.o
                0x0001e000                __vectors
                0x0001e000                __vector_default
 *(.vectors)
 *(.progmem.gcc*)
 *(.progmem*)
 .progmem.data  0x0001e08c       0x22 boothack.o
                0x0001e08c                minirom
 .progmem.data  0x0001e0ae     0x1220 combinedg.o
                0x0001e0ae                GROM6000
                0x0001ee6e                GROM70A0
                0x0001f2ce                . = ALIGN (0x2)
                0x0001f2ce                __trampolines_start = .
 *(.trampolines)
 .trampolines   0x0001f2ce        0x0 linker stubs
 *(.trampolines*)
                0x0001f2ce                __trampolines_end = .
 *(.jumptables)
 *(.jumptables*)
 *(.lowtext)
 *(.lowtext*)
                0x0001f2ce                __ctors_start = .
 *(.ctors)
                0x0001f2ce                __ctors_end = .
                0x0001f2ce                __dtors_start = .
 *(.dtors)
                0x0001f2ce                __dtors_end = .
 SORT(*)(.ctors)
 SORT(*)(.dtors)
 *(.init0)
 .init0         0x0001f2ce        0x0 c:/winavr-20100110/bin/../lib/gcc/avr/4.3.3/../../../../avr/lib/avr51/crtm1284p.o
                0x0001f2ce                __init
 *(.init0)
 *(.init1)
 *(.init1)
 *(.init2)
 .init2         0x0001f2ce        0xc c:/winavr-20100110/bin/../lib/gcc/avr/4.3.3/../../../../avr/lib/avr51/crtm1284p.o
 *(.init2)
 *(.init3)
 *(.init3)
 *(.init4)
 .init4         0x0001f2da       0x1a c:/winavr-20100110/bin/../lib/gcc/avr/4.3.3/../../../../avr/lib/avr51/crtm1284p.o
                0x0001f2da                __do_copy_data
 .init4         0x0001f2f4       0x10 c:/winavr-20100110/bin/../lib/gcc/avr/4.3.3/avr51\libgcc.a(_clear_bss.o)
                0x0001f2f4                __do_clear_bss
 *(.init4)
 *(.init5)
 *(.init5)
 *(.init6)
 *(.init6)
 *(.init7)
 *(.init7)
 *(.init8)
 *(.init8)
 *(.init9)
 .init9         0x0001f304        0x8 c:/winavr-20100110/bin/../lib/gcc/avr/4.3.3/../../../../avr/lib/avr51/crtm1284p.o
 *(.init9)
 *(.text)
 .text          0x0001f30c        0x4 c:/winavr-20100110/bin/../lib/gcc/avr/4.3.3/../../../../avr/lib/avr51/crtm1284p.o
                0x0001f30c                __vector_22
                0x0001f30c                __vector_28
                0x0001f30c                __vector_1
                0x0001f30c                __vector_32
                0x0001f30c                __vector_34
                0x0001f30c                __vector_24
                0x0001f30c                __vector_12
                0x0001f30c                __bad_interrupt
                0x0001f30c                __vector_6
                0x0001f30c                __vector_31
                0x0001f30c                __vector_3
                0x0001f30c                __vector_23
                0x0001f30c                __vector_30
                0x0001f30c                __vector_25
                0x0001f30c                __vector_11
                0x0001f30c                __vector_13
                0x0001f30c                __vector_17
                0x0001f30c                __vector_19
                0x0001f30c                __vector_7
                0x0001f30c                __vector_27
                0x0001f30c                __vector_5
                0x0001f30c                __vector_33
                0x0001f30c                __vector_4
                0x0001f30c                __vector_9
                0x0001f30c                __vector_2
                0x0001f30c                __vector_15
                0x0001f30c                __vector_29
                0x0001f30c                __vector_8
                0x0001f30c                __vector_26
                0x0001f30c                __vector_14
                0x0001f30c                __vector_10
                0x0001f30c                __vector_16
                0x0001f30c                __vector_18
 .text          0x0001f310       0x4c ram.o
                0x0001f33c                RamWrite
                0x0001f310                RamRead
 .text          0x0001f35c      0x12e eeprom.o
                0x0001f3ae                EepromWrite
                0x0001f35c                EepromRead
                0x0001f38c                read_eeprom
                0x0001f39a                write_eeprom
                0x0001f42a                EepromInit
 .text          0x0001f48a       0x5c adc.o
                0x0001f48a                AdcInit
                0x0001f4a2                AdcRead
 .text          0x0001f4e6      0x1ae flash.o
                0x0001f54c                FlashWrite
                0x0001f4e6                FlashInit
                0x0001f4ec                FlashRead
 .text          0x0001f694       0x58 timer.o
                0x0001f6b4                TimerRead
                0x0001f694                TimerInit
 .text          0x0001f6ec      0x3ce uart.o
                0x0001fa5a                putserialchar
                0x0001f97c                DisableTxInterrupts
                0x0001f732                UartRead
                0x0001f6ec                UartInit
                0x0001f970                EnableTxInterrupts
                0x0001f988                EnableRxInterrupts
                0x0001fa84                print_hexbyte
                0x0001f88a                UartWrite
                0x0001f994                DisableRxInterrupts
                0x0001f9fe                __vector_21
                0x0001fa6a                printserial
                0x0001f9a0                __vector_20
 .text          0x0001faba      0x346 main.o
                0x0001fb4c                DummyInit
                0x0001faba                low_level_init
                0x0001fb4e                DummyWrite
                0x0001fb50                GetDevicePointer
                0x0001fc92                main
 .text          0x0001fe00       0xc2 gpio.o
                0x0001fe5e                GpioWrite
                0x0001fe00                GpioRead
 .text          0x0001fec2       0x4a grom.o
                0x0001fec2                GromRead
 .text          0x0001ff0c        0x0 grmtstinc.o
 .text          0x0001ff0c       0x84 boothack.o
                0x0001ff0c                BoothackRead
 .text          0x0001ff90        0x0 combinedg.o
 .text          0x0001ff90        0x0 c:/winavr-20100110/bin/../lib/gcc/avr/4.3.3/avr51\libgcc.a(_exit.o)
 .text          0x0001ff90        0x0 c:/winavr-20100110/bin/../lib/gcc/avr/4.3.3/avr51\libgcc.a(_clear_bss.o)
                0x0001ff90                . = ALIGN (0x2)
 *(.text.*)
 .text.libgcc   0x0001ff90        0x0 c:/winavr-20100110/bin/../lib/gcc/avr/4.3.3/avr51\libgcc.a(_exit.o)
 .text.libgcc   0x0001ff90        0x0 c:/winavr-20100110/bin/../lib/gcc/avr/4.3.3/avr51\libgcc.a(_clear_bss.o)
                0x0001ff90                . = ALIGN (0x2)
 *(.fini9)
 .fini9         0x0001ff90        0x0 c:/winavr-20100110/bin/../lib/gcc/avr/4.3.3/avr51\libgcc.a(_exit.o)
                0x0001ff90                exit
                0x0001ff90                _exit
 *(.fini9)
 *(.fini8)
 *(.fini8)
 *(.fini7)
 *(.fini7)
 *(.fini6)
 *(.fini6)
 *(.fini5)
 *(.fini5)
 *(.fini4)
 *(.fini4)
 *(.fini3)
 *(.fini3)
 *(.fini2)
 *(.fini2)
 *(.fini1)
 *(.fini1)
 *(.fini0)
 .fini0         0x0001ff90        0x4 c:/winavr-20100110/bin/../lib/gcc/avr/4.3.3/avr51\libgcc.a(_exit.o)
 *(.fini0)
                0x0001ff94                _etext = .

.data           0x00800100       0x48 load address 0x0001ff94
                0x00800100                PROVIDE (__data_start, .)
 *(.data)
 .data          0x00800100        0x0 c:/winavr-20100110/bin/../lib/gcc/avr/4.3.3/../../../../avr/lib/avr51/crtm1284p.o
 .data          0x00800100        0x6 ram.o
                0x00800100                RamHandlers
 .data          0x00800106        0x7 eeprom.o
                0x00800106                EepromHandlers
 .data          0x0080010d        0x6 adc.o
                0x0080010d                AdcHandlers
 .data          0x00800113        0x6 flash.o
                0x00800113                FlashHandlers
 .data          0x00800119        0x6 timer.o
                0x00800119                TimerHandlers
 .data          0x0080011f        0x6 uart.o
                0x0080011f                UartHandlers
 .data          0x00800125       0x11 main.o
                0x00800125                Override
                0x00800126                HandlerType
 .data          0x00800136        0x6 gpio.o
                0x00800136                GpioHandlers
 .data          0x0080013c        0x6 grom.o
                0x0080013c                GromHandlers
 .data          0x00800142        0x0 grmtstinc.o
 .data          0x00800142        0x6 boothack.o
                0x00800142                BoothackHandlers
 .data          0x00800148        0x0 combinedg.o
 .data          0x00800148        0x0 c:/winavr-20100110/bin/../lib/gcc/avr/4.3.3/avr51\libgcc.a(_exit.o)
 .data          0x00800148        0x0 c:/winavr-20100110/bin/../lib/gcc/avr/4.3.3/avr51\libgcc.a(_clear_bss.o)
 *(.data*)
 *(.rodata)
 *(.rodata*)
 *(.gnu.linkonce.d*)
                0x00800148                . = ALIGN (0x2)
                0x00800148                _edata = .
                0x00800148                PROVIDE (__data_end, .)

.bss            0x00800148     0x3e10
                0x00800148                PROVIDE (__bss_start, .)
 *(.bss)
 .bss           0x00800148        0x0 c:/winavr-20100110/bin/../lib/gcc/avr/4.3.3/../../../../avr/lib/avr51/crtm1284p.o
 .bss           0x00800148        0x0 ram.o
 .bss           0x00800148        0x0 eeprom.o
 .bss           0x00800148        0x0 adc.o
 .bss           0x00800148        0x2 flash.o
                0x00800148                nBase
                0x00800149                nPage
 .bss           0x0080014a        0x0 timer.o
 .bss           0x0080014a        0x0 uart.o
 .bss           0x0080014a        0x1 main.o
                0x0080014a                Rollover
 .bss           0x0080014b        0x0 gpio.o
 .bss           0x0080014b        0x0 grom.o
 .bss           0x0080014b        0x0 grmtstinc.o
 .bss           0x0080014b        0x0 boothack.o
 .bss           0x0080014b        0x0 combinedg.o
 .bss           0x0080014b        0x0 c:/winavr-20100110/bin/../lib/gcc/avr/4.3.3/avr51\libgcc.a(_exit.o)
 .bss           0x0080014b        0x0 c:/winavr-20100110/bin/../lib/gcc/avr/4.3.3/avr51\libgcc.a(_clear_bss.o)
 *(.bss*)
 *(COMMON)
 COMMON         0x0080014b     0x3c00 ram.o
                0x0080014b                RAMBuffer
 COMMON         0x00803d4b        0x2 flash.o
                0x00803d4b                ByteBuffer
                0x00803d4c                nError
 COMMON         0x00803d4d        0x1 timer.o
                0x00803d4d                nTimerValue
 COMMON         0x00803d4e      0x206 uart.o
                0x00803d4e                nRxBufEnd
                0x00803d4f                nRxBufStart
                0x00803d50                TXBuffer
                0x00803e50                CacheBaudLSB
                0x00803e51                nTxBufStart
                0x00803e52                BufErrBits
                0x00803e53                nTxBufEnd
                0x00803e54                RXBuffer
 COMMON         0x00803f54        0x4 main.o
                0x00803f54                GRMBASE
                0x00803f55                HandlerPage
                0x00803f56                GRMADD
                0x00803f58                PROVIDE (__bss_end, .)
                0x0001ff94                __data_load_start = LOADADDR (.data)
                0x0001ffdc                __data_load_end = (__data_load_start + SIZEOF (.data))

.noinit         0x00803f58        0x0
                0x00803f58                PROVIDE (__noinit_start, .)
 *(.noinit*)
                0x00803f58                PROVIDE (__noinit_end, .)
                0x00803f58                _end = .
                0x00803f58                PROVIDE (__heap_start, .)

.eeprom         0x00810000        0x0
 *(.eeprom*)
                0x00810000                __eeprom_end = .

.fuse
 *(.fuse)
 *(.lfuse)
 *(.hfuse)
 *(.efuse)

.lock
 *(.lock*)

.signature
 *(.signature*)

.stab
 *(.stab)

.stabstr
 *(.stabstr)

.stab.excl
 *(.stab.excl)

.stab.exclstr
 *(.stab.exclstr)

.stab.index
 *(.stab.index)

.stab.indexstr
 *(.stab.indexstr)

.comment
 *(.comment)

.debug
 *(.debug)

.line
 *(.line)

.debug_srcinfo
 *(.debug_srcinfo)

.debug_sfnames
 *(.debug_sfnames)

.debug_aranges  0x00000000      0x140
 *(.debug_aranges)
 .debug_aranges
                0x00000000       0x20 ram.o
 .debug_aranges
                0x00000020       0x20 eeprom.o
 .debug_aranges
                0x00000040       0x20 adc.o
 .debug_aranges
                0x00000060       0x20 flash.o
 .debug_aranges
                0x00000080       0x20 timer.o
 .debug_aranges
                0x000000a0       0x20 uart.o
 .debug_aranges
                0x000000c0       0x20 main.o
 .debug_aranges
                0x000000e0       0x20 gpio.o
 .debug_aranges
                0x00000100       0x20 grom.o
 .debug_aranges
                0x00000120       0x20 boothack.o

.debug_pubnames
                0x00000000      0x4e5
 *(.debug_pubnames)
 .debug_pubnames
                0x00000000       0x49 ram.o
 .debug_pubnames
                0x00000049       0x74 eeprom.o
 .debug_pubnames
                0x000000bd       0x3a adc.o
 .debug_pubnames
                0x000000f7       0x7d flash.o
 .debug_pubnames
                0x00000174       0x50 timer.o
 .debug_pubnames
                0x000001c4      0x173 uart.o
 .debug_pubnames
                0x00000337       0xb1 main.o
 .debug_pubnames
                0x000003e8       0x3e gpio.o
 .debug_pubnames
                0x00000426       0x30 grom.o
 .debug_pubnames
                0x00000456       0x1f grmtstinc.o
 .debug_pubnames
                0x00000475       0x44 boothack.o
 .debug_pubnames
                0x000004b9       0x2c combinedg.o

.debug_info     0x00000000     0x18ae
 *(.debug_info)
 .debug_info    0x00000000      0x1cd ram.o
 .debug_info    0x000001cd      0x297 eeprom.o
 .debug_info    0x00000464      0x14a adc.o
 .debug_info    0x000005ae      0x207 flash.o
 .debug_info    0x000007b5      0x175 timer.o
 .debug_info    0x0000092a      0x4ae uart.o
 .debug_info    0x00000dd8      0x45c main.o
 .debug_info    0x00001234      0x1b0 gpio.o
 .debug_info    0x000013e4      0x1ce grom.o
 .debug_info    0x000015b2       0x58 grmtstinc.o
 .debug_info    0x0000160a      0x1ef boothack.o
 .debug_info    0x000017f9       0xb5 combinedg.o
 *(.gnu.linkonce.wi.*)

.debug_abbrev   0x00000000      0xde7
 *(.debug_abbrev)
 .debug_abbrev  0x00000000      0x115 ram.o
 .debug_abbrev  0x00000115      0x18f eeprom.o
 .debug_abbrev  0x000002a4       0xe9 adc.o
 .debug_abbrev  0x0000038d      0x125 flash.o
 .debug_abbrev  0x000004b2      0x101 timer.o
 .debug_abbrev  0x000005b3      0x251 uart.o
 .debug_abbrev  0x00000804      0x1e3 main.o
 .debug_abbrev  0x000009e7      0x110 gpio.o
 .debug_abbrev  0x00000af7      0x106 grom.o
 .debug_abbrev  0x00000bfd       0x52 grmtstinc.o
 .debug_abbrev  0x00000c4f      0x12a boothack.o
 .debug_abbrev  0x00000d79       0x6e combinedg.o

.debug_line     0x00000000     0x1307
 *(.debug_line)
 .debug_line    0x00000000       0x9c ram.o
 .debug_line    0x0000009c      0x243 eeprom.o
 .debug_line    0x000002df       0xd4 adc.o
 .debug_line    0x000003b3      0x221 flash.o
 .debug_line    0x000005d4       0xde timer.o
 .debug_line    0x000006b2      0x492 uart.o
 .debug_line    0x00000b44      0x416 main.o
 .debug_line    0x00000f5a      0x125 gpio.o
 .debug_line    0x0000107f       0xbe grom.o
 .debug_line    0x0000113d       0x50 grmtstinc.o
 .debug_line    0x0000118d      0x12a boothack.o
 .debug_line    0x000012b7       0x50 combinedg.o

.debug_frame    0x00000000      0x2d0
 *(.debug_frame)
 .debug_frame   0x00000000       0x30 ram.o
 .debug_frame   0x00000030       0x60 eeprom.o
 .debug_frame   0x00000090       0x30 adc.o
 .debug_frame   0x000000c0       0x40 flash.o
 .debug_frame   0x00000100       0x30 timer.o
 .debug_frame   0x00000130       0xd0 uart.o
 .debug_frame   0x00000200       0x60 main.o
 .debug_frame   0x00000260       0x30 gpio.o
 .debug_frame   0x00000290       0x20 grom.o
 .debug_frame   0x000002b0       0x20 boothack.o

.debug_str      0x00000000      0x4f7
 *(.debug_str)
 .debug_str     0x00000000       0xb6 ram.o
                                 0xff (size before relaxing)
 .debug_str     0x000000b6       0x69 eeprom.o
                                0x12f (size before relaxing)
 .debug_str     0x0000011f       0x25 adc.o
                                 0xe6 (size before relaxing)
 .debug_str     0x00000144       0x6f flash.o
                                0x135 (size before relaxing)
 .debug_str     0x000001b3       0x39 timer.o
                                 0xff (size before relaxing)
 .debug_str     0x000001ec      0x117 uart.o
                                0x1e2 (size before relaxing)
 .debug_str     0x00000303      0x13c main.o
                                0x25d (size before relaxing)
 .debug_str     0x0000043f       0x1d gpio.o
                                 0xf0 (size before relaxing)
 .debug_str     0x0000045c       0x3f grom.o
                                0x11f (size before relaxing)
 .debug_str     0x0000049b       0x18 grmtstinc.o
                                 0x51 (size before relaxing)
 .debug_str     0x000004b3       0x35 boothack.o
                                0x133 (size before relaxing)
 .debug_str     0x000004e8        0xf combinedg.o
                                 0xb3 (size before relaxing)

.debug_loc      0x00000000      0x8a6
 *(.debug_loc)
 .debug_loc     0x00000000       0x26 ram.o
 .debug_loc     0x00000026      0x11c eeprom.o
 .debug_loc     0x00000142       0x1e adc.o
 .debug_loc     0x00000160      0x13e flash.o
 .debug_loc     0x0000029e       0x41 timer.o
 .debug_loc     0x000002df      0x272 uart.o
 .debug_loc     0x00000551      0x193 main.o
 .debug_loc     0x000006e4       0x8e gpio.o
 .debug_loc     0x00000772       0x6f grom.o
 .debug_loc     0x000007e1       0xc5 boothack.o

.debug_macinfo
 *(.debug_macinfo)
OUTPUT(ubergrom.elf elf32-avr)
LOAD linker stubs

.defaultdata    0x00002000     0x2a40
 .defaultdata   0x00002000     0x2a40 grmtstinc.o
                0x00002000                GROMDATA

.debug_ranges   0x00000000       0x18
 .debug_ranges  0x00000000       0x18 uart.o
